[2026-08-20 18:18:09 SAKH] Источник: Sakhalin Google
[2026-08-20 18:18:12 SAKH] Источник: SakhalinMedia
[2026-08-20 18:18:36 SAKH] Источник: Interfax
[2026-08-20 18:18:38 SAKH] skip bad image: Китай за семь месяцев увеличил закупки пшеницы в РФ в 5,2 раза | weak_image_context
[2026-08-20 18:18:41 SAKH] skip bad image: Китайский ЦБ ожидаемо сохранил базовую ставку на уровне 3% | weak_image_context
[2026-08-20 18:18:43 SAKH] skip bad image: ВС РФ нанесли удары по складам с военным имуществом в портах Черноморск и Южный | weak_image_context
[2026-08-20 18:18:44 SAKH] skip bad image: Военные уничтожили за ночь 726 украинских беспилотников над регионами РФ | weak_image_context
[2026-08-20 18:18:44 SAKH] skip bad image: Минобороны РФ сообщило о массированном ударе по целям в Киеве и Киевской области | weak_image_context
[2026-08-20 18:18:44 SAKH] skip bad image: Два аэропорта возобновили работу в Татарстане | weak_image_context
[2026-08-20 18:18:44 SAKH] Источник: Reuters
[2026-08-20 18:18:45 SAKH] Источник: AP News
[2026-08-20 18:18:45 SAKH] Источник: BBC World
[2026-08-20 18:18:47 SAKH] Источник: Guardian World
[2026-08-20 18:18:48 SAKH] Источник: BBC Technology
[2026-08-20 18:18:48 SAKH] Источник: Guardian Technology
[2026-08-20 18:18:50 SAKH] Источник: TASS
[2026-08-20 18:18:56 SAKH] skip bad image: Türkiye: Анкара и Дамаск могут заключить военное соглашение из-за угроз Израиля | none
[2026-08-20 18:19:42 SAKH] page read failed: HTTPSConnectionPool(host='astv.ru', port=443): Read timed out. (read timeout=30)
[2026-08-20 18:20:25 SAKH] ASTV no safe image -> text-only: Несколько детских садиков и сотни домов попадут под отключение света 21 августа  | logo_word
[2026-08-20 18:22:32 SAKH] ASTV no safe image -> text-only: На Сахалин заглянет солнце, а на Курилах задержится дождь: прогноз погоды для ре | logo_word
[2026-08-20 18:23:12 SAKH] page read failed: HTTPSConnectionPool(host='sakh.online', port=443): Read timed out. (read timeout=30)
[2026-08-20 18:23:56 SAKH] page read failed: HTTPSConnectionPool(host='sakh.online', port=443): Read timed out. (read timeout=30)
[2026-08-20 18:23:56 SAKH] skip duplicate topic cluster: Минобороны РФ сообщило о массированном ударе по целям в Киеве и Киевской области
[2026-08-20 18:23:56 SAKH] skip duplicate topic cluster: Военные уничтожили за ночь 726 украинских беспилотников над регионами РФ
[2026-08-20 18:23:56 SAKH] SkySakhNews stable-v10.1 start
[2026-08-20 18:23:59 SAKH] local stream: healthy (4 sources with recent items)
[2026-08-20 18:23:59 SAKH] Источник: Sakhalin Google
[2026-08-20 18:24:02 SAKH] Источник: SakhalinMedia
[2026-08-20 18:24:14 SAKH] Источник: Interfax
[2026-08-20 18:24:15 SAKH] skip bad image: Основатель китайского застройщика China Evergrande получил пожизненный срок | weak_image_context
[2026-08-20 18:24:16 SAKH] skip bad image: Индексы МосБиржи и РТС снизились на 0,2% в начале основных торгов | weak_image_context
[2026-08-20 18:24:17 SAKH] skip bad image: Китай за семь месяцев увеличил закупки пшеницы в РФ в 5,2 раза | weak_image_context
[2026-08-20 18:24:17 SAKH] skip bad image: Китайский ЦБ ожидаемо сохранил базовую ставку на уровне 3% | weak_image_context
[2026-08-20 18:24:18 SAKH] skip bad image: ВС РФ нанесли удары по складам с военным имуществом в портах Черноморск и Южный | weak_image_context
[2026-08-20 18:24:18 SAKH] skip bad image: Военные уничтожили за ночь 726 украинских беспилотников над регионами РФ | weak_image_context
[2026-08-20 18:24:18 SAKH] Источник: Reuters
[2026-08-20 18:24:19 SAKH] Источник: AP News
[2026-08-20 18:24:19 SAKH] Источник: BBC World
[2026-08-20 18:24:19 SAKH] Источник: Guardian World
[2026-08-20 18:24:20 SAKH] Источник: BBC Technology
[2026-08-20 18:24:20 SAKH] Источник: Guardian Technology
[2026-08-20 18:24:20 SAKH] Источник: TASS
[2026-08-20 18:24:59 SAKH] Sakh.online no safe image -> text-only: Ретро, баухаус и шинуазри в тренде у жителей Дальнего Востока | logo_word
[2026-08-20 18:25:07 SAKH] Кандидатов после production-фильтра: 45
[2026-08-20 18:25:07 SAKH] Локальных кандидатов: 29
