[2026-08-20 18:27:26 SAKH] Источник: Sakhalin Google
[2026-08-20 18:27:31 SAKH] Источник: SakhalinMedia
[2026-08-20 18:28:05 SAKH] Источник: Interfax
[2026-08-20 18:28:08 SAKH] skip bad image: Жителя Омска заподозрили в шпионаже в пользу украинских спецслужб | weak_image_context
[2026-08-20 18:28:11 SAKH] skip bad image: Индексы МосБиржи и РТС снизились на 0,2% в начале основных торгов | weak_image_context
[2026-08-20 18:28:13 SAKH] skip bad image: Китай за семь месяцев увеличил закупки пшеницы в РФ в 5,2 раза | weak_image_context
[2026-08-20 18:28:17 SAKH] skip bad image: Китайский ЦБ ожидаемо сохранил базовую ставку на уровне 3% | weak_image_context
[2026-08-20 18:28:19 SAKH] skip bad image: ВС РФ нанесли удары по складам с военным имуществом в портах Черноморск и Южный | weak_image_context
[2026-08-20 18:28:20 SAKH] Источник: Reuters
[2026-08-20 18:28:20 SAKH] Источник: AP News
[2026-08-20 18:28:21 SAKH] Источник: BBC World
[2026-08-20 18:28:22 SAKH] Источник: Guardian World
[2026-08-20 18:28:25 SAKH] Источник: BBC Technology
[2026-08-20 18:28:26 SAKH] Источник: Guardian Technology
[2026-08-20 18:28:28 SAKH] Источник: TASS
[2026-08-20 18:29:36 SAKH] SkySakhNews stable-v10.1 start
[2026-08-20 18:29:40 SAKH] local stream: healthy (4 sources with recent items)
[2026-08-20 18:29:40 SAKH] Источник: Sakhalin Google
[2026-08-20 18:29:44 SAKH] Источник: SakhalinMedia
[2026-08-20 18:29:58 SAKH] Источник: Interfax
[2026-08-20 18:30:01 SAKH] skip bad image: ВСУ 130 раз за сутки атаковали Белгородскую область, погибла женщина | weak_image_context
[2026-08-20 18:30:01 SAKH] skip bad image: Жителя Омска заподозрили в шпионаже в пользу украинских спецслужб | weak_image_context
[2026-08-20 18:30:02 SAKH] skip bad image: Индексы МосБиржи и РТС снизились на 0,2% в начале основных торгов | weak_image_context
[2026-08-20 18:30:03 SAKH] skip bad image: Китай за семь месяцев увеличил закупки пшеницы в РФ в 5,2 раза | weak_image_context
[2026-08-20 18:30:03 SAKH] skip bad image: Китайский ЦБ ожидаемо сохранил базовую ставку на уровне 3% | weak_image_context
[2026-08-20 18:30:04 SAKH] Источник: Reuters
[2026-08-20 18:30:04 SAKH] Источник: AP News
[2026-08-20 18:30:04 SAKH] Источник: BBC World
[2026-08-20 18:30:05 SAKH] Источник: Guardian World
[2026-08-20 18:30:05 SAKH] Источник: BBC Technology
[2026-08-20 18:30:06 SAKH] Источник: Guardian Technology
[2026-08-20 18:30:06 SAKH] Источник: TASS
[2026-08-20 18:30:29 SAKH] skip duplicate topic cluster: ВСУ 130 раз за сутки атаковали Белгородскую область, погибла женщина
[2026-08-20 18:30:29 SAKH] editorial pre-gate reject: Дмитрий Харатьян обсудил с педагогами ЕАО вопросы духовно-нравственного воспитания - Sakha | title_category_weak:incident
[2026-08-20 18:30:29 SAKH] editorial pre-gate reject: Память губернатора Игоря Фархутдинова почтили в Сахалинской области - SakhalinMedia.ru | title_category_weak:incident
[2026-08-20 18:30:29 SAKH] editorial reclassify sakh -> geo: Японист РАН: Токио "наказывает" Россию за Украину, но в уме держит Китай
[2026-08-20 18:30:29 SAKH] editorial category reconcile -> off-topic: In cutting joint drills, Trump has given South Korea’s president what he wants. So why is 
[2026-08-20 18:30:29 SAKH] editorial reclassify it -> geo: Meta hooked children on Facebook and Instagram, US court hears
[2026-08-20 18:30:29 SAKH] editorial category reconcile -> off-topic: ПХГ ЕС заполнены на 61,61%, темп закачки ниже обычного
[2026-08-20 18:30:29 SAKH] editorial category reconcile -> off-topic: Did someone wearing Meta Glasses film you today? Are you sure?
[2026-08-20 18:30:29 SAKH] editorial reclassify ru_security -> geo: Жителя Омска заподозрили в шпионаже в пользу украинских спецслужб
[2026-08-20 18:30:29 SAKH] editorial reclassify ru_eco -> geo: Китайский ЦБ ожидаемо сохранил базовую ставку на уровне 3%
[2026-08-20 18:30:29 SAKH] editorial reclassify ru_eco -> geo: Китай за семь месяцев увеличил закупки пшеницы в РФ в 5,2 раза
[2026-08-20 18:30:29 SAKH] editorial reclassify ru_eco -> geo: Индексы МосБиржи и РТС снизились на 0,2% в начале основных торгов
[2026-08-20 18:30:29 SAKH] editorial reclassify sakh_chp -> sakh: Затопило дом, вода в подвалах больницы: в Углегорском районе ликвидируют последствия цикло
[2026-08-20 18:30:29 SAKH] editorial reclassify sakh_chp -> sakh: Несколько детских садиков и сотни домов попадут под отключение света 21 августа на Сахалин
[2026-08-20 18:30:29 SAKH] editorial pre-gate reject: В Холмском районе нашли тело 57-летнего мужчины | title_category_weak:incident
[2026-08-20 18:30:29 SAKH] editorial reclassify sakh_chp -> sakh: График отключений света 21 августа: Южно-Сахалинск и Октябрьский
[2026-08-20 18:30:29 SAKH] editorial reclassify sakh_chp -> geo: Депутат Георгий Карлов: «Жива добрая память о губернаторе Игоре Фархутдинове»
[2026-08-20 18:30:29 SAKH] editorial reclassify sakh_chp -> it: Валерий Лимаренко принял участие в заседании Госсовета с Владимиром Путиным | SAKH.ONLINE
[2026-08-20 18:30:29 SAKH] Кандидатов после production-фильтра: 41
[2026-08-20 18:30:29 SAKH] Локальных кандидатов: 27
[2026-08-20 18:31:06 SAKH] AI generation failed: Прокуратура помогла сахалинцу возместить 300 тыс. рублей, украденные м | 'NoneType' object has no attribute 'strip'
[2026-08-20 18:33:19 SAKH] extractive fallback accepted: Рубль утром дорожает к юаню на фоне укрепляющейся нефти
[2026-08-20 18:33:19 SAKH] Опубликовано: 2
[2026-08-20 18:33:19 SAKH] === REPORT ===
[2026-08-20 18:33:19 SAKH] ai_api_fail: 1
[2026-08-20 18:33:19 SAKH] ai_budget_exhausted: 1
[2026-08-20 18:33:19 SAKH] ai_calls: 2
[2026-08-20 18:33:19 SAKH] bad_image_skip: 10
[2026-08-20 18:33:19 SAKH] candidates: 41
[2026-08-20 18:33:19 SAKH] category_skip: 68
[2026-08-20 18:33:19 SAKH] duplicate_skip: 0
[2026-08-20 18:33:19 SAKH] editorial_category_reject: 3
[2026-08-20 18:33:19 SAKH] editorial_gate_ai_calls: 0
[2026-08-20 18:33:19 SAKH] editorial_gate_ai_fail: 0
[2026-08-20 18:33:19 SAKH] editorial_gate_checked: 2
[2026-08-20 18:33:19 SAKH] editorial_gate_fallback: 0
[2026-08-20 18:33:19 SAKH] editorial_gate_pass: 2
[2026-08-20 18:33:19 SAKH] editorial_gate_reject: 3
[2026-08-20 18:33:19 SAKH] editorial_meaning_reject: 0
[2026-08-20 18:33:19 SAKH] editorial_offtopic_reject: 3
[2026-08-20 18:33:19 SAKH] editorial_prechecked: 47
[2026-08-20 18:33:19 SAKH] editorial_reclassified: 11
[2026-08-20 18:33:19 SAKH] editorial_skip: 0
[2026-08-20 18:33:19 SAKH] editorial_title_reject: 3
[2026-08-20 18:33:19 SAKH] evidence_reject: 0
[2026-08-20 18:33:19 SAKH] extractive_fallback: 1
[2026-08-20 18:33:19 SAKH] google_skip: 26
[2026-08-20 18:33:19 SAKH] logo_image_skip: 81
[2026-08-20 18:33:19 SAKH] low_info_skip: 34
[2026-08-20 18:33:19 SAKH] no_image_skip: 0
[2026-08-20 18:33:19 SAKH] old_skip: 128
[2026-08-20 18:33:19 SAKH] published: 2
[2026-08-20 18:33:19 SAKH] rewrite_retry: 1
[2026-08-20 18:33:19 SAKH] rss_seen: 316
[2026-08-20 18:33:19 SAKH] telegram_fail: 0
[2026-08-20 18:33:19 SAKH] text_card_image_skip: 0
[2026-08-20 18:33:19 SAKH] validation_reject: 0
{
  "version": "stable-v10.1",
  "raw_candidate_count": 49,
  "passed": 17,
  "failed": 1,
  "all_pass": false,
  "run_error": null
}
