[2026-08-25 22:34:05 SAKH] Источник: Sakhalin Google
[2026-08-25 22:34:08 SAKH] Источник: SakhalinMedia
[2026-08-25 22:34:30 SAKH] Источник: Interfax
[2026-08-25 22:34:31 SAKH] skip bad image: Ватикан заявил о готовности помочь России и Украине в мирном урегулировании | weak_image_context
[2026-08-25 22:34:31 SAKH] skip bad image: Лавров выразил благодарность Ватикану за взвешенную позицию по Украине | weak_image_context
[2026-08-25 22:34:32 SAKH] skip bad image: Режим ЧС регионального уровня объявлен в Крыму из-за лесного пожара в Ялте | weak_image_context
[2026-08-25 22:34:32 SAKH] skip bad image: В результате ЧП на Амурском ГХК пострадал 131 человек | weak_image_context
[2026-08-25 22:34:33 SAKH] skip bad image: В Запорожской области за сутки в результате ударов пострадали шестеро | weak_image_context
[2026-08-25 22:34:35 SAKH] skip bad image: Замглавы МИД РФ Рябков обсудил с послом Израиля вопросы безопасности | weak_image_context
[2026-08-25 22:34:35 SAKH] skip bad image: В РФ сообщили о поражении позиции для запуска крылатой ракеты "Фламинго" в Харьк | weak_image_context
[2026-08-25 22:34:36 SAKH] skip bad image: Лукашенко обсудил с Мантуровым недоразумения вокруг проекта самолета "Освей" | weak_image_context
[2026-08-25 22:34:36 SAKH] Источник: Reuters
[2026-08-25 22:34:37 SAKH] Источник: AP News
[2026-08-25 22:34:37 SAKH] Источник: BBC World
[2026-08-25 22:34:38 SAKH] skip bad image: Russia's second-biggest online retailer Ozon targeted in Ukrainian strikes | weak_image_context
[2026-08-25 22:34:38 SAKH] Источник: Guardian World
[2026-08-25 22:34:38 SAKH] skip bad image: U.S. Southern Command (@Southcom) on X | logo_word
[2026-08-25 22:34:39 SAKH] Источник: BBC Technology
[2026-08-25 22:34:39 SAKH] Источник: Guardian Technology
[2026-08-25 22:34:40 SAKH] Источник: TASS
[2026-08-25 22:34:47 SAKH] skip bad image: В Японии из-за жары за неделю госпитализировали более 5 тыс. человек | none
[2026-08-25 22:35:56 SAKH] page read failed: HTTPSConnectionPool(host='sakh.online', port=443): Read timed out. (read timeout=30)
[2026-08-25 22:36:09 SAKH] editorial category reconcile -> off-topic: В МВД рассказали, что делать при неожиданном поступлении денег на карту - SakhalinMedia.ru
[2026-08-25 22:36:09 SAKH] editorial category reconcile -> off-topic: Листья смородины больше не выбрасываю: собираю пакетами, и в морозилку — зимой спасает луч
[2026-08-25 22:36:09 SAKH] editorial category reconcile -> off-topic: Из России - сразу в круиз на море: осенью лечу за 38 тыс. в Европу и Азию - без палящего с
[2026-08-25 22:36:09 SAKH] editorial category reconcile -> off-topic: Аэрофлот профинансировал программу плоских тарифов уже на 5 млрд рублей за 7 месяцев года 
[2026-08-25 22:36:09 SAKH] editorial category reconcile -> off-topic: Большая библиотека Горького у него в голове - вот что скажут о том, кто пройдет тест - Sak
[2026-08-25 22:36:09 SAKH] editorial reclassify ru_incident -> geo: В Японии из-за жары за неделю госпитализировали более 5 тыс. человек
[2026-08-25 22:36:09 SAKH] editorial reclassify world_ru -> geo: В РФ сообщили о поражении позиции для запуска крылатой ракеты "Фламинго" в Харьковской обл
[2026-08-25 22:36:09 SAKH] editorial reclassify world_ru -> geo: Ватикан заявил о готовности помочь России и Украине в мирном урегулировании
[2026-08-25 22:36:09 SAKH] editorial category reconcile -> off-topic: U.S. Southern Command (@Southcom) on X
[2026-08-25 22:36:09 SAKH] editorial pre-gate reject: Лукашенко обсудил с Мантуровым недоразумения вокруг проекта самолета "Освей" | title_category_weak:politics
[2026-08-25 22:36:09 SAKH] editorial reclassify ru_pol -> geo: Замглавы МИД РФ Рябков обсудил с послом Израиля вопросы безопасности
[2026-08-25 22:36:09 SAKH] editorial reclassify ru_pol -> geo: Лавров выразил благодарность Ватикану за взвешенную позицию по Украине
[2026-08-25 22:36:09 SAKH] editorial reclassify sakh_chp -> sakh: На Сахалине с вертолёта нашли унесённые потоком контейнерные дома - туристов там нет
[2026-08-25 22:36:09 SAKH] editorial reclassify sakh_chp -> sakh: Следком: тело мужчины нашли в затопленном доме в Томари
[2026-08-25 22:36:09 SAKH] editorial reclassify sakh_chp -> sakh: Сахалинцам после циклона помогают водой, мотопомпами и тепловыми пушками
[2026-08-25 22:36:09 SAKH] editorial reclassify sakh_chp -> sakh: Ученые спрогнозировали поздний подход сардины и скумбрии в воды у Южных Курил
[2026-08-25 22:36:09 SAKH] editorial category reconcile -> off-topic: На Солнце возобновились довольно сильные вспышки в центре диска
[2026-08-25 22:36:09 SAKH] editorial reclassify sakh_chp -> sakh: В Томаринском районе ликвидируют последствия подтоплений после циклона
[2026-08-25 22:36:09 SAKH] editorial reclassify sakh_chp -> sakh: Суд не вернул Соцфонду 296 тысяч рублей пенсии, переплаченной жительнице Сахалина | SAKH.O
[2026-08-25 22:36:09 SAKH] SkySakhNews stable-v10.2 start
[2026-08-25 22:36:13 SAKH] local stream: healthy (4 sources with recent items)
[2026-08-25 22:36:13 SAKH] Источник: Sakhalin Google
[2026-08-25 22:36:15 SAKH] Источник: SakhalinMedia
[2026-08-25 22:36:28 SAKH] Источник: Interfax
[2026-08-25 22:36:29 SAKH] skip bad image: Ватикан заявил о готовности помочь России и Украине в мирном урегулировании | weak_image_context
[2026-08-25 22:36:29 SAKH] skip bad image: Лавров выразил благодарность Ватикану за взвешенную позицию по Украине | weak_image_context
[2026-08-25 22:36:29 SAKH] skip bad image: Режим ЧС регионального уровня объявлен в Крыму из-за лесного пожара в Ялте | weak_image_context
[2026-08-25 22:36:29 SAKH] skip bad image: В результате ЧП на Амурском ГХК пострадал 131 человек | weak_image_context
[2026-08-25 22:36:29 SAKH] skip bad image: В Запорожской области за сутки в результате ударов пострадали шестеро | weak_image_context
[2026-08-25 22:36:29 SAKH] skip bad image: Замглавы МИД РФ Рябков обсудил с послом Израиля вопросы безопасности | weak_image_context
[2026-08-25 22:36:29 SAKH] skip bad image: В РФ сообщили о поражении позиции для запуска крылатой ракеты "Фламинго" в Харьк | weak_image_context
[2026-08-25 22:36:29 SAKH] skip bad image: Лукашенко обсудил с Мантуровым недоразумения вокруг проекта самолета "Освей" | weak_image_context
[2026-08-25 22:36:29 SAKH] Источник: Reuters
[2026-08-25 22:36:29 SAKH] Источник: AP News
[2026-08-25 22:36:29 SAKH] Источник: BBC World
[2026-08-25 22:36:29 SAKH] skip bad image: Russia's second-biggest online retailer Ozon targeted in Ukrainian strikes | weak_image_context
[2026-08-25 22:36:29 SAKH] Источник: Guardian World
[2026-08-25 22:36:29 SAKH] skip bad image: U.S. Southern Command (@Southcom) on X | logo_word
[2026-08-25 22:36:29 SAKH] Источник: BBC Technology
[2026-08-25 22:36:30 SAKH] Источник: Guardian Technology
[2026-08-25 22:36:30 SAKH] Источник: TASS
[2026-08-25 22:36:30 SAKH] skip bad image: В Японии из-за жары за неделю госпитализировали более 5 тыс. человек | none
[2026-08-25 22:37:38 SAKH] ASTV no safe image -> text-only: Сахалинцам после циклона помогают водой, мотопомпами и тепловыми пушками | logo_word
[2026-08-25 22:37:49 SAKH] editorial category reconcile -> off-topic: В МВД рассказали, что делать при неожиданном поступлении денег на карту - SakhalinMedia.ru
[2026-08-25 22:37:49 SAKH] editorial category reconcile -> off-topic: Листья смородины больше не выбрасываю: собираю пакетами, и в морозилку — зимой спасает луч
[2026-08-25 22:37:49 SAKH] editorial category reconcile -> off-topic: Из России - сразу в круиз на море: осенью лечу за 38 тыс. в Европу и Азию - без палящего с
[2026-08-25 22:37:49 SAKH] editorial category reconcile -> off-topic: Аэрофлот профинансировал программу плоских тарифов уже на 5 млрд рублей за 7 месяцев года 
[2026-08-25 22:37:49 SAKH] editorial category reconcile -> off-topic: Большая библиотека Горького у него в голове - вот что скажут о том, кто пройдет тест - Sak
[2026-08-25 22:37:49 SAKH] editorial reclassify ru_incident -> geo: В Японии из-за жары за неделю госпитализировали более 5 тыс. человек
[2026-08-25 22:37:49 SAKH] editorial reclassify world_ru -> geo: В РФ сообщили о поражении позиции для запуска крылатой ракеты "Фламинго" в Харьковской обл
[2026-08-25 22:37:49 SAKH] editorial reclassify world_ru -> geo: Ватикан заявил о готовности помочь России и Украине в мирном урегулировании
[2026-08-25 22:37:49 SAKH] editorial category reconcile -> off-topic: U.S. Southern Command (@Southcom) on X
[2026-08-25 22:37:49 SAKH] editorial pre-gate reject: Лукашенко обсудил с Мантуровым недоразумения вокруг проекта самолета "Освей" | title_category_weak:politics
[2026-08-25 22:37:49 SAKH] editorial reclassify ru_pol -> geo: Замглавы МИД РФ Рябков обсудил с послом Израиля вопросы безопасности
[2026-08-25 22:37:49 SAKH] editorial reclassify ru_pol -> geo: Лавров выразил благодарность Ватикану за взвешенную позицию по Украине
[2026-08-25 22:37:49 SAKH] editorial reclassify sakh_chp -> sakh: На Сахалине с вертолёта нашли унесённые потоком контейнерные дома - туристов там нет
[2026-08-25 22:37:49 SAKH] editorial reclassify sakh_chp -> sakh: Следком: тело мужчины нашли в затопленном доме в Томари
[2026-08-25 22:37:49 SAKH] editorial reclassify sakh_chp -> sakh: Сахалинцам после циклона помогают водой, мотопомпами и тепловыми пушками
[2026-08-25 22:37:49 SAKH] editorial reclassify sakh_chp -> sakh: Ученые спрогнозировали поздний подход сардины и скумбрии в воды у Южных Курил
[2026-08-25 22:37:49 SAKH] editorial category reconcile -> off-topic: На Солнце возобновились довольно сильные вспышки в центре диска
[2026-08-25 22:37:49 SAKH] editorial reclassify sakh_chp -> sakh: В Томаринском районе ликвидируют последствия подтоплений после циклона
[2026-08-25 22:37:49 SAKH] editorial reclassify sakh_chp -> sakh: Суд не вернул Соцфонду 296 тысяч рублей пенсии, переплаченной жительнице Сахалина | SAKH.O
[2026-08-25 22:37:49 SAKH] Кандидатов после production-фильтра: 35
[2026-08-25 22:37:49 SAKH] Локальных кандидатов: 22
[2026-08-25 22:37:49 SAKH] extractive fallback accepted: Семейная ссора в Поронайске обернулась уголовным делом - SakhalinMedia.ru
[2026-08-25 22:37:49 SAKH] extractive fallback accepted: В Запорожской области за сутки в результате ударов пострадали шестеро
[2026-08-25 22:37:49 SAKH] Опубликовано: 2
[2026-08-25 22:37:49 SAKH] === REPORT ===
[2026-08-25 22:37:49 SAKH] ai_api_fail: 0
[2026-08-25 22:37:49 SAKH] ai_budget_exhausted: 1
[2026-08-25 22:37:49 SAKH] ai_calls: 0
[2026-08-25 22:37:49 SAKH] bad_image_skip: 23
[2026-08-25 22:37:49 SAKH] candidates: 35
[2026-08-25 22:37:49 SAKH] category_skip: 74
[2026-08-25 22:37:49 SAKH] duplicate_skip: 10
[2026-08-25 22:37:49 SAKH] editorial_category_reject: 2
[2026-08-25 22:37:49 SAKH] editorial_gate_ai_calls: 0
[2026-08-25 22:37:49 SAKH] editorial_gate_ai_fail: 0
[2026-08-25 22:37:49 SAKH] editorial_gate_checked: 3
[2026-08-25 22:37:49 SAKH] editorial_gate_fallback: 0
[2026-08-25 22:37:49 SAKH] editorial_gate_pass: 2
[2026-08-25 22:37:49 SAKH] editorial_gate_reject: 2
[2026-08-25 22:37:49 SAKH] editorial_meaning_reject: 0
[2026-08-25 22:37:49 SAKH] editorial_offtopic_reject: 14
[2026-08-25 22:37:49 SAKH] editorial_prechecked: 86
[2026-08-25 22:37:49 SAKH] editorial_reclassified: 22
[2026-08-25 22:37:49 SAKH] editorial_skip: 1
[2026-08-25 22:37:49 SAKH] editorial_title_reject: 2
[2026-08-25 22:37:49 SAKH] evidence_reject: 0
[2026-08-25 22:37:49 SAKH] extractive_fallback: 2
[2026-08-25 22:37:49 SAKH] google_skip: 24
[2026-08-25 22:37:49 SAKH] logo_image_skip: 108
[2026-08-25 22:37:49 SAKH] low_info_skip: 26
[2026-08-25 22:37:49 SAKH] no_image_skip: 0
[2026-08-25 22:37:49 SAKH] old_skip: 128
[2026-08-25 22:37:49 SAKH] openrouter_empty_content: 0
[2026-08-25 22:37:49 SAKH] openrouter_model_fallback: 0
[2026-08-25 22:37:49 SAKH] published: 2
[2026-08-25 22:37:49 SAKH] rewrite_retry: 0
[2026-08-25 22:37:49 SAKH] rss_seen: 318
[2026-08-25 22:37:49 SAKH] telegram_fail: 0
[2026-08-25 22:37:49 SAKH] text_card_image_skip: 0
[2026-08-25 22:37:49 SAKH] validation_reject: 0
{
  "version": "stable-v10.2",
  "candidate_count": 35,
  "reconciled_count": 0,
  "offtopic_count": 0,
  "passed": 11,
  "failed": 11,
  "all_pass": false,
  "run_error": null
}
